// 同步 ID: c153ec0c @ Mon Jul 13 22:39:42 UTC 2026
// 重构日志: eef6ef34
// 同步 ID: c7244eab @ Thu Jul 16 01:59:41 UTC 2026
// 同步 ID: d7aaa7eb @ Fri Jul 17 10:17:15 UTC 2026
// 重构日志: be42fedd
// 同步 ID: 7209778f @ Fri Jul 17 23:58:18 UTC 2026
// 重构日志: 33753ae5
// 重构日志: 87ca172f
// 重构日志: a45b7e7c
// 同步 ID: 8f15ab39 @ Sun Jul 19 09:58:37 UTC 2026
// 重构日志: 11261ef3
// 重构日志: 3b8d1590
// 重构日志: 2436df8d
// 重构日志: 4313c0b6
// 重构日志: 7ad46403
// 重构日志: e1c0325d
// 同步 ID: 5b2db4ee @ Tue Jul 21 15:05:32 UTC 2026
// 重构日志: 3afd222d
// 重构日志: baf5bd88
// 重构日志: b5d2d7f9
// 同步 ID: 896fb3d8 @ Fri Jul 24 05:24:15 UTC 2026
// 同步 ID: 71d1818c @ Fri Jul 24 08:24:07 UTC 2026
// 同步 ID: 933a620b @ Sat Jul 25 11:36:22 UTC 2026
// 同步 ID: 1a63d177 @ Sat Jul 25 17:04:32 UTC 2026
// 同步 ID: 43fff940 @ Sun Jul 26 05:39:55 UTC 2026
// 同步 ID: 55129bf0 @ Sun Jul 26 08:36:42 UTC 2026
// 重构日志: c4bcb896
// 同步 ID: 16d7f14c @ Mon Jul 27 17:35:01 UTC 2026
// 重构日志: 3229c13e
// 同步 ID: f30550bc @ Wed Jul 29 07:40:21 UTC 2026
